Units and locations in library 'F:\BLN01A_LIB\ISO\BLN01A_Lib(V02)\lib\Lib.lib'
Unit name              size     from       to
AiIf.c.o               5787   780658   786445
AiIf_Lcfg.c.o          6052   786445   792497
AppRelay.c.o          13615  1087776  1101391
BalM-E.c.o            70650   156863   227513
CanIf.c.o             32913   726792   759705
CanTp.c.o             20953   759705   780658
Can_Lcfg.c.o          23234   703558   726792
CellvDet.c.o          39656   502002   541658
CellvIf.c.o           28756   927700   956456
ClockIf.c.o           14271   968027   982298
Clock_Lcfg.c.o        11571   956456   968027
CpuEEIf.c.o            8926   842245   851171
CurDet.c.o            29970   541658   571628
CurrentIf.c.o         25116   989871  1014987
Current_Lcfg.c.o       7573   982298   989871
DataStore.c.o         59057      102    59159
DiIf.c.o               4755   798245   803000
Di_Lcfg.c.o            5748   792497   798245
DoIf.c.o               4082   803000   807082
EE.c.o                92029    59159   151188
EE_CRC16.c.o           5675   151188   156863
ExctCmd.c.o          163291   240287   403578
ExternEEIf.c.o        12834   851171   864005
ExternFlashIf.c.o     23368   896620   919988
IntCan.c.o            98424   403578   502002
IocIf.c.o             15221   817028   832249
Ioc_Lcfg.c.o           9946   807082   817028
IsoDet.c.o            23763   577283   601046
IsoIf.c.o             19115  1021627  1040742
Iso_Lcfg.c.o           6640  1014987  1021627
LvM.c.o               12774   227513   240287
NvmIf.c.o              6286   890334   896620
Nvm_Lcfg.c.o          26329   864005   890334
RelayIf.c.o            4823   837422   842245
Relay_Lcfg.c.o         5173   832249   837422
SOC-A.c.o             54747   631250   685997
SOH-A.c.o             17561   685997   703558
SensorDi.c.o           5655   571628   577283
SumvDet.c.o           17977   601046   619023
SumvIf.c.o            21595  1050586  1072181
Sumv_Lcfg.c.o          9844  1040742  1050586
TemperDet.c.o         12227   619023   631250
TemperIf.c.o           5203  1082573  1087776
Temper_Lcfg.c.o       10392  1072181  1082573
WdgIf.c.o              3577   919988   923565
WdgM.c.o               4135   923565   927700

EXPORTED OBJECTS
AC_CP_IOC_CntrState                    I   (Ioc_Lcfg.c.o)
AC_CP_IOC_Disable                      I   (Ioc_Lcfg.c.o)
AC_CP_IOC_EnEvent                      I   (Ioc_Lcfg.c.o)
AC_CP_IOC_Enable                       I   (Ioc_Lcfg.c.o)
AD_T_10K                               O   (TemperDet.c.o)
AI1_Disable                            I   (AiIf_Lcfg.c.o)
AI1_Enable                             I   (AiIf_Lcfg.c.o)
AI1_GetChanValue                       I   (AiIf_Lcfg.c.o)
AI1_MeasureChanWait                    I   (AiIf_Lcfg.c.o)
Actor_CtrlRelay                        F   (AppRelay.c.o)
Actor_CtrlRelay                        I   (IntCan.c.o)
Actor_CtrlRelayPara                    O   (AppRelay.c.o)
Actor_GetRelaySt                       F   (AppRelay.c.o)
Actor_Relay                            O   (AppRelay.c.o)
Actor_RelayInit                        F   (AppRelay.c.o)
Actor_RelayMain                        F   (AppRelay.c.o)
AiIf_Handle                            I   (AiIf.c.o)
AiIf_Handle                            O   (AiIf_Lcfg.c.o)
AiIf_MeasureChannel                    F   (AiIf.c.o)
AiIf_MeasureChannel                    I   (DataStore.c.o)
AiIf_MeasureChannel                    I   (Iso_Lcfg.c.o)
AiIf_MeasureChannel                    I   (Temper_Lcfg.c.o)
AiIf_Operation                         O   (AiIf_Lcfg.c.o)
AiIf_Property                          O   (AiIf_Lcfg.c.o)
AlarmTimeCnt                           O   (IsoDet.c.o)
AppRelay_GetVesionModuleVer            F   (AppRelay.c.o)
AppRelay_VerDef                        O   (AppRelay.c.o)
BIT                                    O   (CellvIf.c.o)
Back_Con                               O   (CellvDet.c.o)
BalM_BalCnt                            O   (BalM-E.c.o)
BalM_CalcModel                         O   (BalM-E.c.o)
BalM_ConfigPara                        I   (BalM-E.c.o)
BalM_Ctrl                              O   (BalM-E.c.o)
BalM_E_GetVesionModuleVer              F   (BalM-E.c.o)
BalM_Macro                             I   (BalM-E.c.o)
BalM_ModuleCbk                         F   (BalM-E.c.o)
BalM_ModuleCountCbk                    F   (BalM-E.c.o)
BalM_ModuleInit                        F   (BalM-E.c.o)
BalM_RxSla                             O   (BalM-E.c.o)
BalM_SocToOcv                          I   (BalM-E.c.o)
BalM_TmCnt                             O   (BalM-E.c.o)
BalM_UpdateDataFromCan                 F   (BalM-E.c.o)
BalM_UpdateDataFromCan                 I   (IntCan.c.o)
BalM_VerDef                            O   (BalM-E.c.o)
BalM_VoltEnd                           O   (BalM-E.c.o)
BalM_VoltPara                          O   (BalM-E.c.o)
BalOn_Volt_Acc_Buf                     O   (CellvDet.c.o)
BalOn_Volt_Cnt                         O   (CellvDet.c.o)
BalOn_Volt_Left_Acc_Buf                O   (CellvDet.c.o)
BalOn_Volt_Left_Cnt                    O   (CellvDet.c.o)
BalOn_Volt_Right_Acc_Buf               O   (CellvDet.c.o)
BalOn_Volt_Right_Cnt                   O   (CellvDet.c.o)
BalPos                                 I   (BalM-E.c.o)
BalPos                                 O   (CellvIf.c.o)
BatSys_GetAuxASt                       I   (DataStore.c.o)
BatSys_GetAuxASt                       I   (IntCan.c.o)
BatSys_GetAuxBSt                       I   (DataStore.c.o)
BatSys_GetAuxBSt                       I   (IntCan.c.o)
BatSys_GetChgRlySt                     I   (DataStore.c.o)
BatSys_GetChgRlySt                     I   (IntCan.c.o)
BatSys_GetCollisionSwitchSt            I   (IntCan.c.o)
BatSys_GetFanSpeed                     I   (IntCan.c.o)
BatSys_GetFanSt                        I   (IntCan.c.o)
BatSys_GetFaultDryContactSt            I   (IntCan.c.o)
BatSys_GetHeaterSt                     I   (IntCan.c.o)
BatSys_GetHumiditySensorSt             I   (IntCan.c.o)
BatSys_GetHvilSt                       I   (IntCan.c.o)
BatSys_GetIsoNegResistor               I   (DataStore.c.o)
BatSys_GetIsoNegResistor               I   (IntCan.c.o)
BatSys_GetIsoNegResistor               I   (IsoDet.c.o)
BatSys_GetIsoPosResistor               I   (DataStore.c.o)
BatSys_GetIsoPosResistor               I   (IntCan.c.o)
BatSys_GetIsoPosResistor               I   (IsoDet.c.o)
BatSys_GetLatchingMechanismSt          I   (IntCan.c.o)
BatSys_GetLiquidLevelSensorSt          I   (IntCan.c.o)
BatSys_GetMaintainSwitchSt             I   (IntCan.c.o)
BatSys_GetManualMaintenanceSwitchSt    I   (IntCan.c.o)
BatSys_GetNegRlySt                     I   (DataStore.c.o)
BatSys_GetNegRlySt                     I   (IntCan.c.o)
BatSys_GetPosRlySt                     I   (BalM-E.c.o)
BatSys_GetPosRlySt                     I   (DataStore.c.o)
BatSys_GetPosRlySt                     I   (IntCan.c.o)
BatSys_GetPosRlySt                     I   (SOC-A.c.o)
BatSys_GetPreChgTime                   I   (IntCan.c.o)
BatSys_GetPreRlySt                     I   (BalM-E.c.o)
BatSys_GetPreRlySt                     I   (DataStore.c.o)
BatSys_GetPreRlySt                     I   (IntCan.c.o)
BatSys_GetPreRlySt                     I   (SOC-A.c.o)
BatSys_GetPressureSensorSt             I   (IntCan.c.o)
BatSys_GetRunMode                      I   (IntCan.c.o)
BatSys_GetRunMode                      I   (LvM.c.o)
BatSys_GetSmokeDetectorSt              I   (IntCan.c.o)
BatSys_UpdateAuxASt                    I   (AppRelay.c.o)
BatSys_UpdateAuxBSt                    I   (AppRelay.c.o)
BatSys_UpdateChgRlySt                  I   (AppRelay.c.o)
BatSys_UpdateIsoNegResistor            I   (IsoDet.c.o)
BatSys_UpdateIsoPosResistor            I   (IsoDet.c.o)
BatSys_UpdateNegRlySt                  I   (AppRelay.c.o)
BatSys_UpdatePosRlySt                  I   (AppRelay.c.o)
Bat_GetAccumulateChgAh                 I   (IntCan.c.o)
Bat_GetAccumulateChgAh                 I   (SOC-A.c.o)
Bat_GetAccumulateDchgAh                I   (IntCan.c.o)
Bat_GetAccumulateDchgAh                I   (SOC-A.c.o)
Bat_GetActualCapacityCalc              I   (IntCan.c.o)
Bat_GetActualCapacityCalc              I   (SOC-A.c.o)
Bat_GetActualCapacityCalc              I   (SOH-A.c.o)
Bat_GetAllPackNo                       I   (DataStore.c.o)
Bat_GetAvgV                            I   (BalM-E.c.o)
Bat_GetAvgV                            I   (SOC-A.c.o)
Bat_GetBatNum                          I   (BalM-E.c.o)
Bat_GetBatNum                          I   (DataStore.c.o)
Bat_GetBmuNum                          I   (DataStore.c.o)
Bat_GetCellBalanceSt                   I   (BalM-E.c.o)
Bat_GetCellBalanceSt                   I   (IntCan.c.o)
Bat_GetCellBalanceTimeRemain           I   (BalM-E.c.o)
Bat_GetCellChgBalanceTimeTotal         I   (BalM-E.c.o)
Bat_GetCellDchBalanceTimeTotal         I   (BalM-E.c.o)
Bat_GetCellV                           I   (BalM-E.c.o)
Bat_GetCellV                           I   (DataStore.c.o)
Bat_GetCellV                           I   (IntCan.c.o)
Bat_GetCurrent                         I   (BalM-E.c.o)
Bat_GetCurrent                         I   (DataStore.c.o)
Bat_GetCurrent                         I   (IntCan.c.o)
Bat_GetCurrent                         I   (SOC-A.c.o)
Bat_GetManufacturer                    I   (DataStore.c.o)
Bat_GetMaterialType                    I   (DataStore.c.o)
Bat_GetMaxFeedBackCur                  I   (IntCan.c.o)
Bat_GetMaxPermitDchCur                 I   (IntCan.c.o)
Bat_GetMaxR                            I   (DataStore.c.o)
Bat_GetMaxR                            I   (IntCan.c.o)
Bat_GetMaxRTotalNo                     I   (DataStore.c.o)
Bat_GetMaxRTotalNo                     I   (IntCan.c.o)
Bat_GetMaxT                            I   (DataStore.c.o)
Bat_GetMaxT                            I   (IntCan.c.o)
Bat_GetMaxT                            I   (SOC-A.c.o)
Bat_GetMaxTTotalNo                     I   (DataStore.c.o)
Bat_GetMaxTTotalNo                     I   (IntCan.c.o)
Bat_GetMaxV                            I   (BalM-E.c.o)
Bat_GetMaxV                            I   (DataStore.c.o)
Bat_GetMaxV                            I   (IntCan.c.o)
Bat_GetMaxV                            I   (SOC-A.c.o)
Bat_GetMaxV                            I   (SOH-A.c.o)
Bat_GetMaxVTotalNo                     I   (DataStore.c.o)
Bat_GetMaxVTotalNo                     I   (IntCan.c.o)
Bat_GetMinR                            I   (DataStore.c.o)
Bat_GetMinR                            I   (IntCan.c.o)
Bat_GetMinRTotalNo                     I   (DataStore.c.o)
Bat_GetMinRTotalNo                     I   (IntCan.c.o)
Bat_GetMinT                            I   (DataStore.c.o)
Bat_GetMinT                            I   (IntCan.c.o)
Bat_GetMinT                            I   (SOC-A.c.o)
Bat_GetMinTTotalNo                     I   (DataStore.c.o)
Bat_GetMinTTotalNo                     I   (IntCan.c.o)
Bat_GetMinV                            I   (BalM-E.c.o)
Bat_GetMinV                            I   (DataStore.c.o)
Bat_GetMinV                            I   (IntCan.c.o)
Bat_GetMinV                            I   (SOC-A.c.o)
Bat_GetMinV                            I   (SOH-A.c.o)
Bat_GetMinVTotalNo                     I   (DataStore.c.o)
Bat_GetMinVTotalNo                     I   (IntCan.c.o)
Bat_GetPackBalSt                       I   (BalM-E.c.o)
Bat_GetPackBalSt                       I   (IntCan.c.o)
Bat_GetPackMinV                        I   (BalM-E.c.o)
Bat_GetRatedCapacityCalc               I   (BalM-E.c.o)
Bat_GetRatedCapacityCalc               I   (SOC-A.c.o)
Bat_GetRatedCapacityCalc               I   (SOH-A.c.o)
Bat_GetRemainCapacity                  I   (SOC-A.c.o)
Bat_GetSOC                             I   (DataStore.c.o)
Bat_GetSOC                             I   (ExctCmd.c.o)
Bat_GetSOC                             I   (IntCan.c.o)
Bat_GetSoh                             I   (DataStore.c.o)
Bat_GetSoh                             I   (IntCan.c.o)
Bat_GetSoh                             I   (SOC-A.c.o)
Bat_GetSoh                             I   (SOH-A.c.o)
Bat_GetSumV                            I   (DataStore.c.o)
Bat_GetSumV                            I   (IntCan.c.o)
Bat_GetSumV                            I   (IsoDet.c.o)
Bat_GetTemper                          I   (DataStore.c.o)
Bat_GetTemper                          I   (IntCan.c.o)
Bat_GetTemperNum                       I   (DataStore.c.o)
Bat_GetTotalChgAh                      I   (DataStore.c.o)
Bat_GetTotalChgAh                      I   (SOC-A.c.o)
Bat_GetTotalChgAh                      I   (SOH-A.c.o)
Bat_GetTotalDchAh                      I   (DataStore.c.o)
Bat_GetTotalDchAh                      I   (SOC-A.c.o)
Bat_GetTotalDchAh                      I   (SOH-A.c.o)
Bat_UpdateAccumulateChgAh              I   (CurDet.c.o)
Bat_UpdateAccumulateChgAh              I   (IntCan.c.o)
Bat_UpdateAccumulateDchgAh             I   (CurDet.c.o)
Bat_UpdateAccumulateDchgAh             I   (IntCan.c.o)
Bat_UpdateActualCapacityCalc           I   (SOC-A.c.o)
Bat_UpdateActualCapacityCalc           I   (SOH-A.c.o)
Bat_UpdateBatNum                       I   (IntCan.c.o)
Bat_UpdateBmuNum                       I   (IntCan.c.o)
Bat_UpdateCellBalanceSt                I   (BalM-E.c.o)
Bat_UpdateCellBalanceTimeRemain        I   (BalM-E.c.o)
Bat_UpdateCellChgBalanceTimeTotal      I   (BalM-E.c.o)
Bat_UpdateCellDchBalanceTimeTotal      I   (BalM-E.c.o)
Bat_UpdateCellV                        I   (CellvDet.c.o)
Bat_UpdateCellV                        I   (IntCan.c.o)
Bat_UpdateCurrent                      I   (CurDet.c.o)
Bat_UpdateCurrent                      I   (IntCan.c.o)
Bat_UpdateMainBalanceSt                I   (BalM-E.c.o)
Bat_UpdateMaxT                         I   (IntCan.c.o)
Bat_UpdateMaxTTotalNo                  I   (IntCan.c.o)
Bat_UpdateMaxV                         I   (IntCan.c.o)
Bat_UpdateMaxVTotalNo                  I   (IntCan.c.o)
Bat_UpdateMinT                         I   (IntCan.c.o)
Bat_UpdateMinTTotalNo                  I   (IntCan.c.o)
Bat_UpdateMinV                         I   (IntCan.c.o)
Bat_UpdateMinVTotalNo                  I   (IntCan.c.o)
Bat_UpdatePackBalSt                    I   (BalM-E.c.o)
Bat_UpdatePackMaxR                     I   (IntCan.c.o)
Bat_UpdatePackMaxRNo                   I   (IntCan.c.o)
Bat_UpdatePackMinRNo                   I   (IntCan.c.o)
Bat_UpdatePackSerialNum                I   (IntCan.c.o)
Bat_UpdatePackSumV                     I   (IntCan.c.o)
Bat_UpdatePackTemperNum                I   (IntCan.c.o)
Bat_UpdatePwr                          I   (IntCan.c.o)
Bat_UpdateRemainCapacity               I   (SOC-A.c.o)
Bat_UpdateSOC                          I   (ExctCmd.c.o)
Bat_UpdateSOC                          I   (SOC-A.c.o)
Bat_UpdateSoh                          I   (ExctCmd.c.o)
Bat_UpdateSoh                          I   (SOH-A.c.o)
Bat_UpdateSumV                         I   (IntCan.c.o)
Bat_UpdateSumV                         I   (SumvDet.c.o)
Bat_UpdateTemper                       I   (IntCan.c.o)
Bat_UpdateTemper                       I   (TemperDet.c.o)
Bat_UpdateTemperNum                    I   (IntCan.c.o)
Bat_UpdateTotalChgAh                   I   (SOC-A.c.o)
Bat_UpdateTotalChgAh                   I   (SOH-A.c.o)
Bat_UpdateTotalDChAh                   I   (SOC-A.c.o)
Bat_UpdateTotalDChAh                   I   (SOH-A.c.o)
BmsSys_CalcStandbyTime                 I   (BalM-E.c.o)
BmsSys_CalcStandbyTime                 I   (SOC-A.c.o)
BmsSys_CalcStandbyTime                 I   (SOH-A.c.o)
BmsSys_GetAlarmSt                      I   (IntCan.c.o)
BmsSys_GetAlarmVolt                    I   (LvM.c.o)
BmsSys_GetAwakeSt                      I   (BalM-E.c.o)
BmsSys_GetAwakeSt                      I   (IntCan.c.o)
BmsSys_GetAwakeSt                      I   (SOC-A.c.o)
BmsSys_GetBusLoadRate                  I   (IntCan.c.o)
BmsSys_GetCarCanBusSt                  I   (IntCan.c.o)
BmsSys_GetChgBalanceModuleSt           I   (IntCan.c.o)
BmsSys_GetChgCanBusSt                  I   (IntCan.c.o)
BmsSys_GetClockSt                      I   (IntCan.c.o)
BmsSys_GetCurrentDetectModuleSt        I   (IntCan.c.o)
BmsSys_GetDchgBalanceModuleSt          I   (IntCan.c.o)
BmsSys_GetExtEeSt                      I   (IntCan.c.o)
BmsSys_GetExtFlashSt                   I   (IntCan.c.o)
BmsSys_GetExternSumvDetectModuleSt     I   (IntCan.c.o)
BmsSys_GetIntCanBusSt                  I   (IntCan.c.o)
BmsSys_GetIntSumvDetectModueleSt       I   (IntCan.c.o)
BmsSys_GetIsoDetectModuleSt            I   (IntCan.c.o)
BmsSys_GetK15St                        I   (IntCan.c.o)
BmsSys_GetK15Volt                      I   (LvM.c.o)
BmsSys_GetK30Volt                      I   (IntCan.c.o)
BmsSys_GetOffBDChgSt                   I   (IntCan.c.o)
BmsSys_GetOffBDChgVolt                 I   (LvM.c.o)
BmsSys_GetOnBDChgSt                    I   (IntCan.c.o)
BmsSys_GetOnBDChgVolt                  I   (LvM.c.o)
BmsSys_GetPowerOffTime                 I   (IntCan.c.o)
BmsSys_GetSystemTime                   I   (DataStore.c.o)
BmsSys_GetSystemTime                   I   (IntCan.c.o)
BmsSys_GetTemperDetectModuleSt         I   (IntCan.c.o)
BmsSys_GetVoltageDetectModuleSt        I   (IntCan.c.o)
BmsSys_UpdateAlarmSt                   I   (LvM.c.o)
BmsSys_UpdateAwakeSt                   I   (LvM.c.o)
BmsSys_UpdateErrRecCurrentPage         I   (DataStore.c.o)
BmsSys_UpdateErrRecEndPage             I   (DataStore.c.o)
BmsSys_UpdateErrRecFullSt              I   (DataStore.c.o)
BmsSys_UpdateErrRecStartPage           I   (DataStore.c.o)
BmsSys_UpdateHisRecCurrentPage         I   (DataStore.c.o)
BmsSys_UpdateHisRecEndPage             I   (DataStore.c.o)
BmsSys_UpdateHisRecFullSt              I   (DataStore.c.o)
BmsSys_UpdateHisRecStartPage           I   (DataStore.c.o)
BmsSys_UpdateK15St                     I   (LvM.c.o)
BmsSys_UpdateOffBDChgSt                I   (LvM.c.o)
BmsSys_UpdateOnBDChgSt                 I   (LvM.c.o)
BmsSys_UpdatePowerOffTime              I   (LvM.c.o)
BmsSys_UpdateRecPageMode               I   (DataStore.c.o)
CAN0_Disable                           I   (Can_Lcfg.c.o)
CAN0_DisableEvent_Func                 F   (Can_Lcfg.c.o)
CAN0_DisableMSCANandHw                 F   (Can_Lcfg.c.o)
CAN0_EnEvent                           I   (Can_Lcfg.c.o)
CAN0_Enable                            I   (Can_Lcfg.c.o)
CAN0_EnableEvent_Func                  F   (Can_Lcfg.c.o)
CAN0_EnableMSCANandHw                  F   (Can_Lcfg.c.o)
CAN0_ReadFrame                         I   (Can_Lcfg.c.o)
CAN0_SendFrame                         I   (Can_Lcfg.c.o)
CAN0_SetAcceptanceCode                 I   (Can_Lcfg.c.o)
CAN0_SetAcceptanceMask                 I   (Can_Lcfg.c.o)
CAN1_Disable                           I   (Can_Lcfg.c.o)
CAN1_DisableEvent_Func                 F   (Can_Lcfg.c.o)
CAN1_DisableMSCANandHw                 F   (Can_Lcfg.c.o)
CAN1_EnEvent                           I   (Can_Lcfg.c.o)
CAN1_Enable                            I   (Can_Lcfg.c.o)
CAN1_EnableEvent_Func                  F   (Can_Lcfg.c.o)
CAN1_EnableMSCANandHw                  F   (Can_Lcfg.c.o)
CAN1_ReadFrame                         I   (Can_Lcfg.c.o)
CAN1_SendFrame                         I   (Can_Lcfg.c.o)
CAN1_SetAcceptanceCode                 I   (Can_Lcfg.c.o)
CAN1_SetAcceptanceMask                 I   (Can_Lcfg.c.o)
CAN4_Disable                           I   (Can_Lcfg.c.o)
CAN4_DisableEvent_Func                 F   (Can_Lcfg.c.o)
CAN4_DisableMSCANandHw                 F   (Can_Lcfg.c.o)
CAN4_EnEvent                           I   (Can_Lcfg.c.o)
CAN4_Enable                            I   (Can_Lcfg.c.o)
CAN4_EnableEvent_Func                  F   (Can_Lcfg.c.o)
CAN4_EnableMSCANandHw                  F   (Can_Lcfg.c.o)
CAN4_GetRxStatus                       F   (Can_Lcfg.c.o)
CAN4_GetStateRX                        I   (Can_Lcfg.c.o)
CAN4_GetTxStatus                       F   (Can_Lcfg.c.o)
CAN4_ReadFrame                         I   (Can_Lcfg.c.o)
CAN4_SendFrame                         I   (Can_Lcfg.c.o)
CAN4_SetAcceptanceCode                 I   (Can_Lcfg.c.o)
CAN4_SetAcceptanceMask                 I   (Can_Lcfg.c.o)
CCR_reg                                I   (CanIf.c.o)
CCR_reg                                I   (DataStore.c.o)
CCR_reg                                I   (IntCan.c.o)
CHG_CAN_POW_PutVal                     I   (Can_Lcfg.c.o)
COM                                    O   (CellvIf.c.o)
COM2                                   O   (CellvIf.c.o)
CPUCAN_CAR_EN_PutVal                   I   (Can_Lcfg.c.o)
CPUCAN_INT_EN_PutVal                   I   (Can_Lcfg.c.o)
CPUCCS_PutVal                          I   (Current_Lcfg.c.o)
CPUCSCK_PutVal                         I   (Current_Lcfg.c.o)
CPUCSI_PutVal                          I   (Current_Lcfg.c.o)
CPUEE_GetByte                          I   (Nvm_Lcfg.c.o)
CPUEE_Init                             I   (Nvm_Lcfg.c.o)
CPUEE_SetByte                          I   (Nvm_Lcfg.c.o)
CPU_CHG_S_PutVal                       I   (DoIf.c.o)
CPU_SUMV_SCL_PutVal                    I   (Sumv_Lcfg.c.o)
CPU_SUMV_SDA_PutVal                    I   (Sumv_Lcfg.c.o)
CPU_SUMV_SDA_SetDir                    I   (Sumv_Lcfg.c.o)
CURPOWER_PutVal                        I   (Current_Lcfg.c.o)
Can0_WakeAndSleepCtrl                  F   (Can_Lcfg.c.o)
Can1_WakeAndSleepCtrl                  F   (Can_Lcfg.c.o)
Can4_WakeAndSleepCtrl                  F   (Can_Lcfg.c.o)
CanIf_ChannelBuf                       O   (CanIf.c.o)
CanIf_ChannelHandResult                O   (CanIf.c.o)
CanIf_GetRxBufferLength                F   (CanIf.c.o)
CanIf_GetRxBufferLength                I   (IntCan.c.o)
CanIf_Init                             F   (CanIf.c.o)
CanIf_Init                             I   (IntCan.c.o)
CanIf_RequestSend                      F   (CanIf.c.o)
CanIf_RequestSend                      I   (CanTp.c.o)
CanIf_RequestSend                      I   (DataStore.c.o)
CanIf_RequestSend                      I   (IntCan.c.o)
CanIf_RxBuffer                         O   (CanIf.c.o)
CanIf_RxIndication                     F   (CanIf.c.o)
CanIf_RxIndication                     I   (IntCan.c.o)
CanIf_SetAcceptanceMaskCode            F   (CanIf.c.o)
CanIf_SetAcceptanceMaskCode            I   (IntCan.c.o)
CanIf_SetCanMode                       F   (CanIf.c.o)
CanIf_StartSend                        F   (CanIf.c.o)
CanIf_TxBuffer                         O   (CanIf.c.o)
CanTpMsgRx                             I   (ExctCmd.c.o)
CanTpMsgRx                             O   (IntCan.c.o)
CanTpMsgTx                             I   (ExctCmd.c.o)
CanTpMsgTx                             O   (IntCan.c.o)
CanTp_Buf                              O   (CanTp.c.o)
CanTp_CopyDataToBuf                    F   (CanTp.c.o)
CanTp_CopyDataToBuf                    I   (IntCan.c.o)
CanTp_EventRx                          F   (CanTp.c.o)
CanTp_EventRx                          I   (IntCan.c.o)
CanTp_IntCanRxBuffer                   O   (CanTp.c.o)
CanTp_IntCanTxBuffer                   O   (CanTp.c.o)
CanTp_MainTx                           F   (CanTp.c.o)
CanTp_MainTx                           I   (IntCan.c.o)
Can_Handle                             I   (CanIf.c.o)
Can_Handle                             O   (Can_Lcfg.c.o)
Can_NmCtrl                             O   (Can_Lcfg.c.o)
Can_ReceiveTask                        F   (CanIf.c.o)
Can_RxTxStatus                         O   (Can_Lcfg.c.o)
Can_SendTask                           F   (CanIf.c.o)
Can_TxConfirm                          F   (CanIf.c.o)
Cell_Err_num                           O   (CellvDet.c.o)
CellvDetDet_Init                       F   (CellvDet.c.o)
CellvDetDet_MainCountCbk               F   (CellvDet.c.o)
CellvDet_BackupVolt                    F   (CellvDet.c.o)
CellvDet_ClearBackupVolt               F   (CellvDet.c.o)
CellvDet_GetVesionModuleVer            F   (CellvDet.c.o)
CellvDet_MainCbk                       F   (CellvDet.c.o)
CellvDet_TmCnt                         O   (CellvDet.c.o)
CellvDet_TmCnt                         I   (CellvIf.c.o)
CellvDet_VerDef                        O   (CellvDet.c.o)
CellvErrCnt                            O   (CellvDet.c.o)
CellvIf                                I   (CellvDet.c.o)
CellvIf                                O   (CellvIf.c.o)
CellvIf_Cbk                            I   (CellvDet.c.o)
CellvIf_Cbk                            F   (CellvIf.c.o)
CellvIf_CntCbk                         I   (CellvDet.c.o)
CellvIf_CntCbk                         F   (CellvIf.c.o)
CellvIf_CtrlBalanceSw                  I   (BalM-E.c.o)
CellvIf_CtrlBalanceSw                  I   (CellvDet.c.o)
CellvIf_CtrlBalanceSw                  F   (CellvIf.c.o)
CellvIf_EnControl                      I   (CellvDet.c.o)
CellvIf_EnControl                      F   (CellvIf.c.o)
CellvIf_Init                           I   (CellvDet.c.o)
CellvIf_Init                           F   (CellvIf.c.o)
CellvIf_RdValue                        I   (CellvDet.c.o)
CellvIf_RdValue                        F   (CellvIf.c.o)
CellvIf_SpiData                        F   (CellvIf.c.o)
CellvIf_StartCnvt                      I   (CellvDet.c.o)
CellvIf_StartCnvt                      F   (CellvIf.c.o)
CellvIf_StopBalance                    I   (BalM-E.c.o)
CellvIf_StopBalance                    I   (CellvDet.c.o)
CellvIf_StopBalance                    F   (CellvIf.c.o)
CellvIf_TranSpi                        F   (CellvIf.c.o)
Chg_GetAcLinkSt                        I   (IntCan.c.o)
Chg_GetAccumulatedChgTime              I   (IntCan.c.o)
Chg_GetBmsStopReason                   I   (IntCan.c.o)
Chg_GetCableCap                        I   (IntCan.c.o)
Chg_GetCc2Volt                         I   (IntCan.c.o)
Chg_GetCcVolt                          I   (IntCan.c.o)
Chg_GetChargerFault                    I   (IntCan.c.o)
Chg_GetChargerSt                       I   (IntCan.c.o)
Chg_GetChargerStopReason               I   (IntCan.c.o)
Chg_GetChgSt                           I   (BalM-E.c.o)
Chg_GetChgSt                           I   (IntCan.c.o)
Chg_GetChgSt                           I   (SOC-A.c.o)
Chg_GetChgStage                        I   (BalM-E.c.o)
Chg_GetChgStage                        I   (IntCan.c.o)
Chg_GetChgStage                        I   (SOC-A.c.o)
Chg_GetChgStage                        I   (SOH-A.c.o)
Chg_GetCpDutyCycle                     I   (IntCan.c.o)
Chg_GetDcLinkSt                        I   (IntCan.c.o)
Chg_GetDownCurrentStep                 I   (IntCan.c.o)
Chg_GetElockRecSt                      I   (IntCan.c.o)
Chg_GetFdSignalType                    I   (IntCan.c.o)
Chg_GetNtcType                         I   (IntCan.c.o)
Chg_GetOutPutCurrent                   I   (IntCan.c.o)
Chg_GetOutPutEnergy                    I   (IntCan.c.o)
Chg_GetOutPutVoltage                   I   (IntCan.c.o)
Chg_GetPermitChgCurExt                 I   (IntCan.c.o)
Chg_GetPermitChgCurOn                  I   (IntCan.c.o)
Chg_GetPermitChgExtSt                  I   (IntCan.c.o)
Chg_GetPermitChgOnSt                   I   (IntCan.c.o)
Chg_GetPermitMaxCellV                  I   (IntCan.c.o)
Chg_GetPermitMaxCellV                  I   (SOC-A.c.o)
Chg_GetPermitMaxSumV                   I   (IntCan.c.o)
Chg_GetPermitMaxT                      I   (IntCan.c.o)
Chg_GetPermitMinCurrent                I   (IntCan.c.o)
Chg_GetRemainChgTime                   I   (IntCan.c.o)
Chg_GetSeteLockCmd                     I   (IntCan.c.o)
Chg_UpdateElockHdErr                   I   (IntCan.c.o)
Chg_UpdateElockRecSt                   I   (IntCan.c.o)
Chg_UpdateElockStErr                   I   (IntCan.c.o)
Chg_UpdateElockTemper                  I   (IntCan.c.o)
ClockIf_Init                           F   (ClockIf.c.o)
ClockIf_ReadTime                       F   (ClockIf.c.o)
ClockIf_ReadTime                       I   (ExctCmd.c.o)
ClockIf_WriteTime                      F   (ClockIf.c.o)
ClockIf_WriteTime                      I   (ExctCmd.c.o)
Clock_Operation                        I   (ClockIf.c.o)
Clock_Operation                        O   (Clock_Lcfg.c.o)
Cnt1                                   O   (CellvIf.c.o)
CpuEEIf_CCRreg                         O   (CpuEEIf.c.o)
CpuEEIf_GetByte                        F   (CpuEEIf.c.o)
CpuEEIf_GetByte                        I   (NvmIf.c.o)
CpuEEIf_Init                           F   (CpuEEIf.c.o)
CpuEEIf_Init                           I   (NvmIf.c.o)
CpuEEIf_ReadArray                      F   (CpuEEIf.c.o)
CpuEEIf_ReadArray                      I   (NvmIf.c.o)
CpuEEIf_SetByte                        F   (CpuEEIf.c.o)
CpuEEIf_SetByte                        I   (NvmIf.c.o)
CpuEEIf_WriteArray                     F   (CpuEEIf.c.o)
CpuEEIf_WriteArray                     I   (NvmIf.c.o)
CpuEEIf_WriteDisable                   F   (CpuEEIf.c.o)
CpuEEIf_WriteDisable                   I   (NvmIf.c.o)
CpuEEIf_WriteEnable                    F   (CpuEEIf.c.o)
CpuEEIf_WriteEnable                    I   (NvmIf.c.o)
CpuEE_Operation                        I   (CpuEEIf.c.o)
CpuEE_Operation                        O   (Nvm_Lcfg.c.o)
Cpu_Delay100US                         I   (CellvIf.c.o)
Cpu_Delay100US                         I   (CurrentIf.c.o)
Cpu_Delay100US                         I   (DataStore.c.o)
Cpu_Delay100US                         I   (EE.c.o)
Cpu_Delay100US                         I   (ExctCmd.c.o)
Cpu_Delay100US                         I   (IntCan.c.o)
Cpu_Delay100US                         I   (SumvIf.c.o)
Ctrl_Bal                               F   (CellvIf.c.o)
CurDetConf                             O   (CurDet.c.o)
CurDet_ClbCurCurChnGain                F   (CurDet.c.o)
CurDet_ClbCurCurChnGain                I   (IntCan.c.o)
CurDet_ClbCurCurChnOffset              F   (CurDet.c.o)
CurDet_ClbCurCurChnOffset              I   (IntCan.c.o)
CurDet_ClbCurVolChnGain                F   (CurDet.c.o)
CurDet_ClbCurVolChnGain                I   (IntCan.c.o)
CurDet_ClbCurVolChnOffset              F   (CurDet.c.o)
CurDet_ClbCurVolChnOffset              I   (IntCan.c.o)
CurDet_Count                           F   (CurDet.c.o)
CurDet_Eng                             O   (CurDet.c.o)
CurDet_GetVesionModuleVer              F   (CurDet.c.o)
CurDet_Init                            F   (CurDet.c.o)
CurDet_Main                            F   (CurDet.c.o)
CurDet_TmCnt                           O   (CurDet.c.o)
CurDet_UpdateAHCalEn                   F   (CurDet.c.o)
CurDet_UpdateAhCalcThrhd               F   (CurDet.c.o)
CurDet_UpdateAhCalcThrhd               I   (IntCan.c.o)
CurDet_UpdateGainAndOffset             F   (CurDet.c.o)
CurDet_UpdateGainAndOffset             I   (IntCan.c.o)
CurDet_VerDef                          O   (CurDet.c.o)
CurrentIf_CheckStatusReg               F   (CurrentIf.c.o)
CurrentIf_Check_ConfigReg              F   (CurrentIf.c.o)
CurrentIf_ClbCur                       I   (CurDet.c.o)
CurrentIf_ClbCur                       F   (CurrentIf.c.o)
CurrentIf_Init                         I   (CurDet.c.o)
CurrentIf_Init                         F   (CurrentIf.c.o)
CurrentIf_RdCur                        I   (CurDet.c.o)
CurrentIf_RdCur                        F   (CurrentIf.c.o)
CurrentIf_RdCur                        I   (IntCan.c.o)
Current_Operation                      I   (CurrentIf.c.o)
Current_Operation                      O   (Current_Lcfg.c.o)
DO_CON_PutVal                          I   (DoIf.c.o)
DataStore_CtrlInfo                     O   (DataStore.c.o)
DataStore_DetAwake                     F   (DataStore.c.o)
DataStore_EnableErrorDataStore         F   (DataStore.c.o)
DataStore_EnableEventDataStore         F   (DataStore.c.o)
DataStore_EnableEventDataStore         I   (LvM.c.o)
DataStore_EnableEventDataStore         I   (SOC-A.c.o)
DataStore_EnableEventDataStore         I   (SOH-A.c.o)
DataStore_EraseFlash                   F   (DataStore.c.o)
DataStore_EraseFlash                   I   (IntCan.c.o)
DataStore_ErasePage                    F   (DataStore.c.o)
DataStore_GetVesionModuleVer           F   (DataStore.c.o)
DataStore_Init                         F   (DataStore.c.o)
DataStore_MainCbk                      F   (DataStore.c.o)
DataStore_MainCountCbk                 F   (DataStore.c.o)
DataStore_PageInfo                     O   (DataStore.c.o)
DataStore_ProcSaveData                 F   (DataStore.c.o)
DataStore_ReadAndTxData                F   (DataStore.c.o)
DataStore_ReadAndTxData                I   (IntCan.c.o)
DataStore_ReadPage                     F   (DataStore.c.o)
DataStore_TmCnt                        O   (DataStore.c.o)
DataStore_UpdateRsvData                F   (DataStore.c.o)
DataStore_VerDef                       O   (DataStore.c.o)
DiIf_GetValue                          F   (DiIf.c.o)
DiIf_GetValue                          I   (SensorDi.c.o)
DiIf_Handle                            I   (DiIf.c.o)
DiIf_Handle                            O   (Di_Lcfg.c.o)
DiIf_Operation                         O   (Di_Lcfg.c.o)
DiIf_Property                          O   (Di_Lcfg.c.o)
DoIf_Ctrl                              F   (DoIf.c.o)
DoIf_Ctrl                              I   (LvM.c.o)
EE_CalcCRC16AllByte                    I   (EE.c.o)
EE_CalcCRC16AllByte                    F   (EE_CRC16.c.o)
EE_CalcCRC16SingleByte                 I   (EE.c.o)
EE_CalcCRC16SingleByte                 F   (EE_CRC16.c.o)
EE_Dealy5msForSaveVar                  I   (CurDet.c.o)
EE_Dealy5msForSaveVar                  F   (EE.c.o)
EE_GetEeStatus                         F   (EE.c.o)
EE_GetVesionModuleVer                  F   (EE.c.o)
EE_Init                                F   (EE.c.o)
EE_LoadVar                             I   (BalM-E.c.o)
EE_LoadVar                             I   (CurDet.c.o)
EE_LoadVar                             I   (DataStore.c.o)
EE_LoadVar                             F   (EE.c.o)
EE_LoadVar                             I   (ExctCmd.c.o)
EE_LoadVar                             I   (SOH-A.c.o)
EE_LoadVar                             I   (SumvDet.c.o)
EE_MainCbk                             F   (EE.c.o)
EE_MainCountCbk                        F   (EE.c.o)
EE_SaveVar                             I   (BalM-E.c.o)
EE_SaveVar                             I   (CurDet.c.o)
EE_SaveVar                             I   (DataStore.c.o)
EE_SaveVar                             F   (EE.c.o)
EE_SaveVar                             I   (LvM.c.o)
EE_SaveVar                             I   (SOC-A.c.o)
EE_SaveVar                             I   (SOH-A.c.o)
EE_SaveVarForCalib                     F   (EE.c.o)
EE_SaveVarForCalib                     I   (ExctCmd.c.o)
EE_SaveVarForCalib                     I   (SumvDet.c.o)
EE_TmCnt                               O   (EE.c.o)
EE_UpdateEeStatus                      F   (EE.c.o)
EE_VerDef                              O   (EE.c.o)
EN_CELL_PutVal                         I   (CellvIf.c.o)
Err_GetBatAllErrLevel                  I   (DataStore.c.o)
Err_GetBatAllErrLevel                  I   (IntCan.c.o)
Err_GetBatSysAllErrLevel               I   (DataStore.c.o)
Err_GetBatSysAllErrLevel               I   (IntCan.c.o)
Err_GetHwAllErrLevel                   I   (DataStore.c.o)
Err_GetHwAllErrLevel                   I   (IntCan.c.o)
Err_GetHwErrDetail                     I   (CellvDet.c.o)
Err_GetHwErrDetail                     I   (CurDet.c.o)
Err_GetHwErrDetail                     I   (DataStore.c.o)
Err_GetHwErrDetail                     I   (ExctCmd.c.o)
Err_GetHwErrDetail                     I   (SumvDet.c.o)
Err_GetHwErrLevel                      I   (BalM-E.c.o)
Err_GetHwErrLevel                      I   (SOC-A.c.o)
Err_UpdateBatSysErrLevel               I   (IsoDet.c.o)
Err_UpdateHwErrDetail                  I   (CellvDet.c.o)
Err_UpdateHwErrDetail                  I   (CurDet.c.o)
Err_UpdateHwErrDetail                  I   (DataStore.c.o)
Err_UpdateHwErrDetail                  I   (EE.c.o)
Err_UpdateHwErrDetail                  I   (SumvDet.c.o)
Err_UpdateHwErrDetail                  I   (TemperDet.c.o)
Err_UpdateHwErrLevel                   I   (CellvDet.c.o)
Err_UpdateHwErrLevel                   I   (CurDet.c.o)
Err_UpdateHwErrLevel                   I   (DataStore.c.o)
Err_UpdateHwErrLevel                   I   (EE.c.o)
Err_UpdateHwErrLevel                   I   (SumvDet.c.o)
Err_UpdateHwErrLevel                   I   (TemperDet.c.o)
ExtEE_Sda_SetOutput                    I   (Nvm_Lcfg.c.o)
ExtEE_Wp_SetOutput                     I   (Nvm_Lcfg.c.o)
ExternEEIf_GetByte                     F   (ExternEEIf.c.o)
ExternEEIf_GetByte                     I   (NvmIf.c.o)
ExternEEIf_Init                        F   (ExternEEIf.c.o)
ExternEEIf_Init                        I   (NvmIf.c.o)
ExternEEIf_ReadArray                   F   (ExternEEIf.c.o)
ExternEEIf_ReadArray                   I   (NvmIf.c.o)
ExternEEIf_SetByte                     F   (ExternEEIf.c.o)
ExternEEIf_SetByte                     I   (NvmIf.c.o)
ExternEEIf_WriteArray                  F   (ExternEEIf.c.o)
ExternEEIf_WriteArray                  I   (NvmIf.c.o)
ExternEEIf_WriteDisable                F   (ExternEEIf.c.o)
ExternEEIf_WriteDisable                I   (NvmIf.c.o)
ExternEEIf_WriteEnable                 F   (ExternEEIf.c.o)
ExternEEIf_WriteEnable                 I   (NvmIf.c.o)
ExternEE_Operation                     I   (ExternEEIf.c.o)
ExternEE_Operation                     O   (Nvm_Lcfg.c.o)
ExternFlashIf_BlockErase               F   (ExternFlashIf.c.o)
ExternFlashIf_BlockErase               I   (NvmIf.c.o)
ExternFlashIf_BufToMainMemory          F   (ExternFlashIf.c.o)
ExternFlashIf_CheckPage                F   (ExternFlashIf.c.o)
ExternFlashIf_CheckPage                I   (NvmIf.c.o)
ExternFlashIf_ChipErase                F   (ExternFlashIf.c.o)
ExternFlashIf_ChipErase                I   (NvmIf.c.o)
ExternFlashIf_Init                     F   (ExternFlashIf.c.o)
ExternFlashIf_Init                     I   (NvmIf.c.o)
ExternFlashIf_PageErase                F   (ExternFlashIf.c.o)
ExternFlashIf_PageErase                I   (NvmIf.c.o)
ExternFlashIf_ReWritePage              F   (ExternFlashIf.c.o)
ExternFlashIf_ReadBuf                  F   (ExternFlashIf.c.o)
ExternFlashIf_ReadBuf                  I   (NvmIf.c.o)
ExternFlashIf_ReadByte                 F   (ExternFlashIf.c.o)
ExternFlashIf_ReadPage                 F   (ExternFlashIf.c.o)
ExternFlashIf_ReadPage                 I   (NvmIf.c.o)
ExternFlashIf_ReadStatusReg            F   (ExternFlashIf.c.o)
ExternFlashIf_ReadStatusReg            I   (NvmIf.c.o)
ExternFlashIf_WriteBuf                 F   (ExternFlashIf.c.o)
ExternFlashIf_WriteBuf                 I   (NvmIf.c.o)
ExternFlashIf_WriteByte                F   (ExternFlashIf.c.o)
ExternFlashIf_WriteCmd                 O   (ExternFlashIf.c.o)
ExternFlashIf_WriteCmdLargeCap         F   (ExternFlashIf.c.o)
ExternFlashIf_WriteCmdSmallCap         F   (ExternFlashIf.c.o)
ExternFlashIf_WritePage                F   (ExternFlashIf.c.o)
ExternFlashIf_WritePage                I   (NvmIf.c.o)
ExternFlash_Cs_SetInput                I   (Nvm_Lcfg.c.o)
ExternFlash_Cs_SetOutput               I   (Nvm_Lcfg.c.o)
ExternFlash_Operation                  I   (ExternFlashIf.c.o)
ExternFlash_Operation                  O   (Nvm_Lcfg.c.o)
ExternFlash_Rst_SetInput               I   (Nvm_Lcfg.c.o)
ExternFlash_Rst_SetOutput              I   (Nvm_Lcfg.c.o)
ExternFlash_Sck_SetInput               I   (Nvm_Lcfg.c.o)
ExternFlash_Sck_SetOutput              I   (Nvm_Lcfg.c.o)
ExternFlash_Si_SetInput                I   (Nvm_Lcfg.c.o)
ExternFlash_Si_SetOutput               I   (Nvm_Lcfg.c.o)
ExternFlash_So_SetOutput               I   (Nvm_Lcfg.c.o)
ExternTimer_Sda_SetOutput              I   (Clock_Lcfg.c.o)
FF                                     O   (CellvIf.c.o)
FilterNegCnt100                        O   (IsoDet.c.o)
FilterNegCnt500                        O   (IsoDet.c.o)
FilterPosCnt100                        O   (IsoDet.c.o)
FilterPosCnt500                        O   (IsoDet.c.o)
ISO_CTRL_NEG_PutVal                    I   (Iso_Lcfg.c.o)
ISO_CTRL_POS_PutVal                    I   (Iso_Lcfg.c.o)
Init_CanTp                             F   (CanTp.c.o)
IntCan_AddTestData                     I   (IntCan.c.o)
IntCan_BalSocMsg                       O   (IntCan.c.o)
IntCan_BalSocMsgPf                     O   (IntCan.c.o)
IntCan_BroadCastMsg                    O   (IntCan.c.o)
IntCan_CountCbk                        F   (IntCan.c.o)
IntCan_EnOrDisEventMsg                 F   (IntCan.c.o)
IntCan_EventMsg                        O   (IntCan.c.o)
IntCan_GetBmuMaxOutLineCnt             F   (IntCan.c.o)
IntCan_GetTestModeSt                   F   (IntCan.c.o)
IntCan_GetVesionModuleVer              F   (IntCan.c.o)
IntCan_Init                            F   (IntCan.c.o)
IntCan_LoadMsgData                     F   (IntCan.c.o)
IntCan_LocalEcuInfo                    O   (IntCan.c.o)
IntCan_MainMsg                         O   (IntCan.c.o)
IntCan_MainProcess                     F   (IntCan.c.o)
IntCan_MainReceiveMsg                  F   (IntCan.c.o)
IntCan_MainSendMsg                     F   (IntCan.c.o)
IntCan_ModeCtrl                        O   (IntCan.c.o)
IntCan_ModifyBroacastMsgPeriod         F   (IntCan.c.o)
IntCan_ModifyMainMsgPeriod             F   (IntCan.c.o)
IntCan_MsgSendDisable                  F   (IntCan.c.o)
IntCan_MsgSendEnable                   F   (IntCan.c.o)
IntCan_PauseSendMsgCtrl                O   (IntCan.c.o)
IntCan_PrjConf                         I   (IntCan.c.o)
IntCan_ProcMsg                         F   (IntCan.c.o)
IntCan_ResMsg                          O   (IntCan.c.o)
IntCan_ResMsgPf                        O   (IntCan.c.o)
IntCan_SendBalCmd                      I   (BalM-E.c.o)
IntCan_SendBalCmd                      F   (IntCan.c.o)
IntCan_TemperMsg                       O   (IntCan.c.o)
IntCan_TemperMsgPf                     O   (IntCan.c.o)
IntCan_TestModeExitCheck               F   (IntCan.c.o)
IntCan_VerDef                          O   (IntCan.c.o)
IntCan_VoltMsg                         O   (IntCan.c.o)
IntCan_VoltMsgPf                       O   (IntCan.c.o)
IntCan_WrTestFrameToBuff               F   (IntCan.c.o)
IntWatchDog_Clear                      I   (WdgIf.c.o)
IocIf_Disable                          F   (IocIf.c.o)
IocIf_DisableEvent                     F   (IocIf.c.o)
IocIf_Enable                           F   (IocIf.c.o)
IocIf_EnableEvent                      F   (IocIf.c.o)
IocIf_GetIocValue                      F   (IocIf.c.o)
IocIf_Handle                           I   (IocIf.c.o)
IocIf_Handle                           O   (Ioc_Lcfg.c.o)
IocIf_Init                             F   (IocIf.c.o)
IocIf_Operation                        O   (Ioc_Lcfg.c.o)
IocIf_Property                         O   (Ioc_Lcfg.c.o)
IocIf_Task                             F   (IocIf.c.o)
Ios_Operate                            O   (IsoDet.c.o)
IsoDet_ErrJudge                        F   (IsoDet.c.o)
IsoDet_GetVesionModuleVer              F   (IsoDet.c.o)
IsoDet_Init                            F   (IsoDet.c.o)
IsoDet_MainCbk                         F   (IsoDet.c.o)
IsoDet_MainCountCbk                    F   (IsoDet.c.o)
IsoDet_TmCnt                           O   (IsoDet.c.o)
IsoDet_VerDef                          O   (IsoDet.c.o)
IsoErrFlg                              O   (IsoDet.c.o)
IsoIf_ChangeMosMode                    F   (IsoIf.c.o)
IsoIf_CloseMos                         I   (IsoDet.c.o)
IsoIf_CloseMos                         F   (IsoIf.c.o)
IsoIf_Init                             F   (IsoIf.c.o)
IsoIf_OpenMos                          F   (IsoIf.c.o)
IsoIf_PowerOff                         F   (IsoIf.c.o)
IsoIf_PowerOn                          F   (IsoIf.c.o)
IsoIf_RdAdValue                        F   (IsoIf.c.o)
IsoNegRes                              O   (IsoDet.c.o)
IsoPosRes                              O   (IsoDet.c.o)
Iso_Handle                             I   (IsoIf.c.o)
Iso_Handle                             O   (Iso_Lcfg.c.o)
Iso_Operation                          O   (Iso_Lcfg.c.o)
Iso_Property                           O   (Iso_Lcfg.c.o)
LemOffset                              O   (CurDet.c.o)
LvM_ActSgnlChk                         O   (LvM.c.o)
LvM_CountCbk                           F   (LvM.c.o)
LvM_GetBcuShutDownEn                   F   (LvM.c.o)
LvM_Init                               F   (LvM.c.o)
LvM_ProcMain                           F   (LvM.c.o)
LvM_RunModeM                           O   (LvM.c.o)
LvM_TmCnt                              O   (LvM.c.o)
LvM_UpdateSystemShutDownEn             F   (LvM.c.o)
LvM_UpdateVcuShutDownEn                F   (LvM.c.o)
NegErrFlg100                           O   (IsoDet.c.o)
NegErrFlg500                           O   (IsoDet.c.o)
NegResFilter                           O   (IsoDet.c.o)
NvmIf_FlashOperation                   I   (DataStore.c.o)
NvmIf_FlashOperation                   O   (NvmIf.c.o)
NvmIf_Operation                        I   (EE.c.o)
NvmIf_Operation                        O   (NvmIf.c.o)
PO                                     O   (IsoDet.c.o)
PO2                                    O   (IsoDet.c.o)
PosErrFlg100                           O   (IsoDet.c.o)
PosErrFlg500                           O   (IsoDet.c.o)
PosResFilter                           O   (IsoDet.c.o)
RD_BCUBatPackInfo1                     F   (ExctCmd.c.o)
RD_BCUBatPackInfo1                     I   (IntCan.c.o)
RD_BCUBatPackInfo2                     F   (ExctCmd.c.o)
RD_BCUBatPackInfo2                     I   (IntCan.c.o)
RD_BCUBatPackInfo3                     F   (ExctCmd.c.o)
RD_BCUBatPackInfo3                     I   (IntCan.c.o)
RD_BCUBatPackInfo4                     F   (ExctCmd.c.o)
RD_BCUBatPackInfo4                     I   (IntCan.c.o)
RD_BCUBatsysInfo1                      F   (ExctCmd.c.o)
RD_BCUBatsysInfo1                      I   (IntCan.c.o)
RD_BCUBatsysInfo2                      F   (ExctCmd.c.o)
RD_BCUBatsysInfo2                      I   (IntCan.c.o)
RD_BCUBatsysInfo3                      F   (ExctCmd.c.o)
RD_BCUBatsysInfo3                      I   (IntCan.c.o)
RD_BCUCellNumPerChip                   F   (ExctCmd.c.o)
RD_BCUCellNumPerChip                   I   (IntCan.c.o)
RD_BCUCellvNum                         F   (ExctCmd.c.o)
RD_BCUCellvNum                         I   (IntCan.c.o)
RD_BCUCellvStartNo                     F   (ExctCmd.c.o)
RD_BCUCellvStartNo                     I   (IntCan.c.o)
RD_BCUCfgUpdate                        F   (ExctCmd.c.o)
RD_BCUCfgUpdate                        I   (IntCan.c.o)
RD_BCUCfgVer                           F   (ExctCmd.c.o)
RD_BCUCfgVer                           I   (IntCan.c.o)
RD_BCUChargeControl                    F   (ExctCmd.c.o)
RD_BCUChargeControl                    I   (IntCan.c.o)
RD_BCUFusePos                          F   (ExctCmd.c.o)
RD_BCUFusePos                          I   (IntCan.c.o)
RD_BCUHeatControl                      F   (ExctCmd.c.o)
RD_BCUHeatControl                      I   (IntCan.c.o)
RD_BCUHistoryAvrgTemperArea            F   (ExctCmd.c.o)
RD_BCUHistoryAvrgTemperArea            I   (IntCan.c.o)
RD_BCUHistoryCapacityInfo              F   (ExctCmd.c.o)
RD_BCUHistoryCapacityInfo              I   (IntCan.c.o)
RD_BCUHistoryCellvInfo                 F   (ExctCmd.c.o)
RD_BCUHistoryCellvInfo                 I   (IntCan.c.o)
RD_BCUHistoryCurrentArea               F   (ExctCmd.c.o)
RD_BCUHistoryCurrentArea               I   (IntCan.c.o)
RD_BCUHistoryDetTemperArea             F   (ExctCmd.c.o)
RD_BCUHistoryDetTemperArea             I   (IntCan.c.o)
RD_BCUHistoryHighTemperArea            F   (ExctCmd.c.o)
RD_BCUHistoryHighTemperArea            I   (IntCan.c.o)
RD_BCUHistoryLowTemperArea             F   (ExctCmd.c.o)
RD_BCUHistoryLowTemperArea             I   (IntCan.c.o)
RD_BCUHistoryPowerInfo                 F   (ExctCmd.c.o)
RD_BCUHistoryPowerInfo                 I   (IntCan.c.o)
RD_BCUHistorySocInfo                   F   (ExctCmd.c.o)
RD_BCUHistorySocInfo                   I   (IntCan.c.o)
RD_BCUHistoryTemperInfo                F   (ExctCmd.c.o)
RD_BCUHistoryTemperInfo                I   (IntCan.c.o)
RD_BCUNoUseCellNumPerChip              F   (ExctCmd.c.o)
RD_BCUNoUseCellNumPerChip              I   (IntCan.c.o)
RD_BCURatesCapActualCap                F   (ExctCmd.c.o)
RD_BCURatesCapActualCap                I   (IntCan.c.o)
RD_BCUSoc                              F   (ExctCmd.c.o)
RD_BCUSoc                              I   (IntCan.c.o)
RD_BCUSoh                              F   (ExctCmd.c.o)
RD_BCUSoh                              I   (IntCan.c.o)
RD_BCUSysconfProductNo                 F   (ExctCmd.c.o)
RD_BCUSysconfProductNo                 I   (IntCan.c.o)
RD_BCUSystemClock                      F   (ExctCmd.c.o)
RD_BCUSystemClock                      I   (IntCan.c.o)
RD_BCUTemperNum                        F   (ExctCmd.c.o)
RD_BCUTemperNum                        I   (IntCan.c.o)
RD_BCUTemperStartNo                    F   (ExctCmd.c.o)
RD_BCUTemperStartNo                    I   (IntCan.c.o)
RD_BCUThrhdLvl1                        F   (ExctCmd.c.o)
RD_BCUThrhdLvl1                        I   (IntCan.c.o)
RD_BCUThrhdLvl2                        F   (ExctCmd.c.o)
RD_BCUThrhdLvl2                        I   (IntCan.c.o)
RD_BCUThrhdLvl3                        F   (ExctCmd.c.o)
RD_BCUThrhdLvl3                        I   (IntCan.c.o)
RD_BCUVehiclePlate                     F   (ExctCmd.c.o)
RD_BCUVehiclePlate                     I   (IntCan.c.o)
RD_GetHardwareVer                      F   (ExctCmd.c.o)
RD_GetHardwareVer                      I   (IntCan.c.o)
RD_GetModuleVer                        F   (ExctCmd.c.o)
RD_GetModuleVer                        I   (IntCan.c.o)
RD_GetPlatVer                          F   (ExctCmd.c.o)
RD_GetPlatVer                          I   (IntCan.c.o)
RD_GetProjectVer                       F   (ExctCmd.c.o)
RD_GetProjectVer                       I   (IntCan.c.o)
RD_HDErrInfo1                          F   (ExctCmd.c.o)
RD_HDErrInfo1                          I   (IntCan.c.o)
RD_HDErrInfo2                          F   (ExctCmd.c.o)
RD_HDErrInfo2                          I   (IntCan.c.o)
RD_HDErrInfo3                          F   (ExctCmd.c.o)
RD_HDErrInfo3                          I   (IntCan.c.o)
RD_HDErrInfo4                          F   (ExctCmd.c.o)
RD_HDErrInfo4                          I   (IntCan.c.o)
RD_HDErrInfo5                          F   (ExctCmd.c.o)
RD_HDErrInfo5                          I   (IntCan.c.o)
RD_HDErrInfo6                          F   (ExctCmd.c.o)
RD_HDErrInfo6                          I   (IntCan.c.o)
RD_HDErrInfo7                          F   (ExctCmd.c.o)
RD_HDErrInfo7                          I   (IntCan.c.o)
RELAY_FAN_PutVal                       I   (Relay_Lcfg.c.o)
RELAY_HEAT_PutVal                      I   (Relay_Lcfg.c.o)
RELAY_NEG_PutVal                       I   (Relay_Lcfg.c.o)
RELAY_POS_PutVal                       I   (Relay_Lcfg.c.o)
RELAY_PRE_PutVal                       I   (Relay_Lcfg.c.o)
Rd_2dCode                              F   (ExctCmd.c.o)
Rd_2dCode                              I   (IntCan.c.o)
Rd_BufToFrameCbk                       F   (CanIf.c.o)
RelayIf_Ctrl                           I   (AppRelay.c.o)
RelayIf_Ctrl                           F   (RelayIf.c.o)
RelayIf_Handle                         I   (RelayIf.c.o)
RelayIf_Handle                         O   (Relay_Lcfg.c.o)
RelayIf_Operation                      O   (Relay_Lcfg.c.o)
RelayIf_Property                       O   (Relay_Lcfg.c.o)
RunModem_SwitchModeTo                  I   (IntCan.c.o)
RunModem_SwitchModeTo                  I   (LvM.c.o)
SOC_AhIntgl                            O   (SOC-A.c.o)
SOC_AhIntglProcess                     F   (SOC-A.c.o)
SOC_ConfigPara                         I   (SOC-A.c.o)
SOC_CurAhSmooth                        F   (SOC-A.c.o)
SOC_EstmatActualAH                     F   (SOC-A.c.o)
SOC_EstmatCharge                       F   (SOC-A.c.o)
SOC_EstmatDataCalc                     O   (SOC-A.c.o)
SOC_EstmatDataIn                       O   (SOC-A.c.o)
SOC_EstmatDataOut                      O   (SOC-A.c.o)
SOC_EstmatDchDyn                       F   (SOC-A.c.o)
SOC_EstmatLimit                        F   (SOC-A.c.o)
SOC_EstmatOCV                          F   (SOC-A.c.o)
SOC_EstmatProcess                      F   (SOC-A.c.o)
SOC_EstmatUser                         F   (SOC-A.c.o)
SOC_GetBatSt                           F   (SOC-A.c.o)
SOC_Macro                              I   (SOC-A.c.o)
SOC_Macro                              I   (SOH-A.c.o)
SOC_MacroSwitch                        I   (SOC-A.c.o)
SOC_ModuleCbk                          F   (SOC-A.c.o)
SOC_ModuleCountCbk                     F   (SOC-A.c.o)
SOC_ModuleInit                         F   (SOC-A.c.o)
SOC_Smooth                             O   (SOC-A.c.o)
SOC_TmCnt                              O   (SOC-A.c.o)
SOH_ConfigPara                         I   (SOH-A.c.o)
SOH_CtrlPara                           O   (SOH-A.c.o)
SOH_ModuleCbk                          F   (SOH-A.c.o)
SOH_ModuleCountCbk                     F   (SOH-A.c.o)
SOH_ModuleInit                         F   (SOH-A.c.o)
SOH_TmCnt                              O   (SOH-A.c.o)
SPI2IF_RecvChar                        I   (CellvIf.c.o)
SPI2IF_SendChar                        I   (CellvIf.c.o)
SUMV_POW_PutVal                        I   (Sumv_Lcfg.c.o)
SensorDi_GetVesionModuleVer            F   (SensorDi.c.o)
SensorDi_VerDef                        O   (SensorDi.c.o)
Sensor_GetDiSt                         I   (DataStore.c.o)
Sensor_GetDiSt                         I   (IntCan.c.o)
Sensor_GetDiSt                         F   (SensorDi.c.o)
Shadow_D                               I   (Clock_Lcfg.c.o)
Shadow_H                               I   (Nvm_Lcfg.c.o)
Shadow_J                               I   (Nvm_Lcfg.c.o)
Shadow_K                               I   (Nvm_Lcfg.c.o)
Shadow_M                               I   (Nvm_Lcfg.c.o)
Shadow_S                               I   (Nvm_Lcfg.c.o)
SocToOcvArray                          I   (SOC-A.c.o)
SocToOcvArray                          I   (SOH-A.c.o)
SocToOcvArrayStepDown                  I   (SOC-A.c.o)
SocToOcvArrayStepUp                    I   (SOC-A.c.o)
SocToVoltArrayChgPre_HT                I   (SOC-A.c.o)
SocToVoltArrayChgPre_LT                I   (SOC-A.c.o)
SocToVoltArrayDchDynamic               I   (SOC-A.c.o)
Soc_ChgEndVolt                         I   (BalM-E.c.o)
StartCnvt_Cont                         O   (CellvDet.c.o)
StartCnvt_Cont                         I   (CellvIf.c.o)
SumVToAdArray                          O   (IsoDet.c.o)
SumvDet_Config                         O   (SumvDet.c.o)
SumvDet_GetSumvAd                      F   (SumvDet.c.o)
SumvDet_GetVesionModuleVer             F   (SumvDet.c.o)
SumvDet_Init                           F   (SumvDet.c.o)
SumvDet_MainCbk                        F   (SumvDet.c.o)
SumvDet_MainCountCbk                   F   (SumvDet.c.o)
SumvDet_TmCnt                          O   (SumvDet.c.o)
SumvDet_UpdateGainAndOffset            I   (IntCan.c.o)
SumvDet_UpdateGainAndOffset            F   (SumvDet.c.o)
SumvDet_VerDef                         O   (SumvDet.c.o)
SumvIf_CheckPower                      F   (SumvIf.c.o)
SumvIf_Init                            I   (SumvDet.c.o)
SumvIf_Init                            F   (SumvIf.c.o)
SumvIf_RdAd                            I   (IntCan.c.o)
SumvIf_RdAd                            I   (SumvDet.c.o)
SumvIf_RdAd                            F   (SumvIf.c.o)
SumvIf_StartConvert                    I   (SumvDet.c.o)
SumvIf_StartConvert                    F   (SumvIf.c.o)
Sumv_Operation                         I   (SumvIf.c.o)
Sumv_Operation                         O   (Sumv_Lcfg.c.o)
SysConf_GetParaAddrInEE                I   (EE.c.o)
SysConf_GetParaHandle                  I   (EE.c.o)
SysConf_GetParaValueFromRam            I   (BalM-E.c.o)
SysConf_GetParaValueFromRam            I   (CellvDet.c.o)
SysConf_GetParaValueFromRam            I   (DataStore.c.o)
SysConf_GetParaValueFromRam            I   (ExctCmd.c.o)
SysConf_GetParaValueFromRam            I   (IntCan.c.o)
SysConf_GetParaValueFromRam            I   (TemperDet.c.o)
SysConf_InitParaTable                  I   (BalM-E.c.o)
SysConf_InitParaTable                  I   (CurDet.c.o)
SysConf_InitParaTable                  I   (DataStore.c.o)
SysConf_InitParaTable                  I   (EE.c.o)
SysConf_InitParaTable                  I   (SOH-A.c.o)
SysConf_InitParaTable                  I   (SumvDet.c.o)
SysConf_UpdataParaToRam                I   (ExctCmd.c.o)
TemperDet_CountCbk                     F   (TemperDet.c.o)
TemperDet_GetTemper                    F   (TemperDet.c.o)
TemperDet_GetVesionModuleVer           F   (TemperDet.c.o)
TemperDet_Init                         F   (TemperDet.c.o)
TemperDet_MainTemperDet                F   (TemperDet.c.o)
TemperDet_VerDef                       O   (TemperDet.c.o)
TemperIf_Handle                        I   (TemperIf.c.o)
TemperIf_Handle                        O   (Temper_Lcfg.c.o)
TemperIf_NtcGetTemperAd                I   (TemperDet.c.o)
TemperIf_NtcGetTemperAd                F   (TemperIf.c.o)
TemperIf_Operation                     O   (Temper_Lcfg.c.o)
TemperIf_Property                      O   (Temper_Lcfg.c.o)
TemperNum                              O   (TemperDet.c.o)
TemperToAhArray                        I   (SOC-A.c.o)
Version_GetModuleVer                   I   (ExctCmd.c.o)
Version_GetPlatformHwVer               I   (ExctCmd.c.o)
Version_GetPlatformVer                 I   (ExctCmd.c.o)
Version_GetProjectVer                  I   (DataStore.c.o)
Version_GetProjectVer                  I   (ExctCmd.c.o)
Version_SearchModule                   I   (ExctCmd.c.o)
WR_BCUBatPackInfo1                     F   (ExctCmd.c.o)
WR_BCUBatPackInfo1                     I   (IntCan.c.o)
WR_BCUBatPackInfo2                     F   (ExctCmd.c.o)
WR_BCUBatPackInfo2                     I   (IntCan.c.o)
WR_BCUBatPackInfo3                     F   (ExctCmd.c.o)
WR_BCUBatPackInfo3                     I   (IntCan.c.o)
WR_BCUBatPackInfo4                     F   (ExctCmd.c.o)
WR_BCUBatPackInfo4                     I   (IntCan.c.o)
WR_BCUCellNumPerChip                   F   (ExctCmd.c.o)
WR_BCUCellNumPerChip                   I   (IntCan.c.o)
WR_BCUCellvNum                         F   (ExctCmd.c.o)
WR_BCUCellvNum                         I   (IntCan.c.o)
WR_BCUCellvStartNo                     F   (ExctCmd.c.o)
WR_BCUCellvStartNo                     I   (IntCan.c.o)
WR_BCUCfgUpdate                        F   (ExctCmd.c.o)
WR_BCUCfgUpdate                        I   (IntCan.c.o)
WR_BCUCfgVer                           F   (ExctCmd.c.o)
WR_BCUCfgVer                           I   (IntCan.c.o)
WR_BCUChargeControl                    F   (ExctCmd.c.o)
WR_BCUChargeControl                    I   (IntCan.c.o)
WR_BCUFusePos                          F   (ExctCmd.c.o)
WR_BCUFusePos                          I   (IntCan.c.o)
WR_BCUHeatControl                      F   (ExctCmd.c.o)
WR_BCUHeatControl                      I   (IntCan.c.o)
WR_BCUHistoryAvrgTemperArea            F   (ExctCmd.c.o)
WR_BCUHistoryAvrgTemperArea            I   (IntCan.c.o)
WR_BCUHistoryCapacityInfo              F   (ExctCmd.c.o)
WR_BCUHistoryCapacityInfo              I   (IntCan.c.o)
WR_BCUHistoryCellvInfo                 F   (ExctCmd.c.o)
WR_BCUHistoryCellvInfo                 I   (IntCan.c.o)
WR_BCUHistoryCurrentArea               F   (ExctCmd.c.o)
WR_BCUHistoryCurrentArea               I   (IntCan.c.o)
WR_BCUHistoryDetTemperArea             F   (ExctCmd.c.o)
WR_BCUHistoryDetTemperArea             I   (IntCan.c.o)
WR_BCUHistoryHighTemperArea            F   (ExctCmd.c.o)
WR_BCUHistoryHighTemperArea            I   (IntCan.c.o)
WR_BCUHistoryLowTemperArea             F   (ExctCmd.c.o)
WR_BCUHistoryLowTemperArea             I   (IntCan.c.o)
WR_BCUHistoryPowerInfo                 F   (ExctCmd.c.o)
WR_BCUHistoryPowerInfo                 I   (IntCan.c.o)
WR_BCUHistorySocInfo                   F   (ExctCmd.c.o)
WR_BCUHistorySocInfo                   I   (IntCan.c.o)
WR_BCUHistoryTemperInfo                F   (ExctCmd.c.o)
WR_BCUHistoryTemperInfo                I   (IntCan.c.o)
WR_BCUNoUseCellNumPerChip              F   (ExctCmd.c.o)
WR_BCUNoUseCellNumPerChip              I   (IntCan.c.o)
WR_BCURatesCapActualCap                F   (ExctCmd.c.o)
WR_BCURatesCapActualCap                I   (IntCan.c.o)
WR_BCUSoc                              F   (ExctCmd.c.o)
WR_BCUSoc                              I   (IntCan.c.o)
WR_BCUSoh                              F   (ExctCmd.c.o)
WR_BCUSoh                              I   (IntCan.c.o)
WR_BCUSysconfProductNo                 F   (ExctCmd.c.o)
WR_BCUSysconfProductNo                 I   (IntCan.c.o)
WR_BCUSystemClock                      F   (ExctCmd.c.o)
WR_BCUSystemClock                      I   (IntCan.c.o)
WR_BCUTemperNum                        F   (ExctCmd.c.o)
WR_BCUTemperNum                        I   (IntCan.c.o)
WR_BCUTemperStartNo                    F   (ExctCmd.c.o)
WR_BCUTemperStartNo                    I   (IntCan.c.o)
WR_BCUThrhdLvl1                        F   (ExctCmd.c.o)
WR_BCUThrhdLvl1                        I   (IntCan.c.o)
WR_BCUThrhdLvl2                        F   (ExctCmd.c.o)
WR_BCUThrhdLvl2                        I   (IntCan.c.o)
WR_BCUThrhdLvl3                        F   (ExctCmd.c.o)
WR_BCUThrhdLvl3                        I   (IntCan.c.o)
WR_BCUVehiclePlate                     F   (ExctCmd.c.o)
WR_BCUVehiclePlate                     I   (IntCan.c.o)
WdgIf_Trig                             I   (BalM-E.c.o)
WdgIf_Trig                             I   (CellvIf.c.o)
WdgIf_Trig                             I   (CurrentIf.c.o)
WdgIf_Trig                             I   (DataStore.c.o)
WdgIf_Trig                             I   (EE.c.o)
WdgIf_Trig                             I   (IntCan.c.o)
WdgIf_Trig                             F   (WdgIf.c.o)
WdgIf_Trig                             I   (WdgM.c.o)
Wdgm_CountCbk                          F   (WdgM.c.o)
Wdgm_Init                              F   (WdgM.c.o)
Wdgm_MainTrig                          F   (WdgM.c.o)
Wr_2dCode                              F   (ExctCmd.c.o)
Wr_2dCode                              I   (IntCan.c.o)
_BDIVMODU                              I   (CanTp.c.o)
_BDIVMODU                              I   (ClockIf.c.o)
_BDIVMODU                              I   (SOC-A.c.o)
_BSHL                                  I   (CellvDet.c.o)
_BSHL                                  I   (ExternFlashIf.c.o)
_CAN0BTR0                              I   (Can_Lcfg.c.o)
_CAN0BTR1                              I   (Can_Lcfg.c.o)
_CAN0CTL0                              I   (Can_Lcfg.c.o)
_CAN0CTL1                              I   (Can_Lcfg.c.o)
_CAN1BTR0                              I   (Can_Lcfg.c.o)
_CAN1BTR1                              I   (Can_Lcfg.c.o)
_CAN1CTL0                              I   (Can_Lcfg.c.o)
_CAN1CTL1                              I   (Can_Lcfg.c.o)
_CAN4BTR0                              I   (Can_Lcfg.c.o)
_CAN4BTR1                              I   (Can_Lcfg.c.o)
_CAN4CTL0                              I   (Can_Lcfg.c.o)
_CAN4CTL1                              I   (Can_Lcfg.c.o)
_CASE_CHECKED                          I   (AppRelay.c.o)
_CASE_CHECKED                          I   (CanTp.c.o)
_CASE_CHECKED                          I   (CellvDet.c.o)
_CASE_CHECKED                          I   (EE.c.o)
_CASE_CHECKED                          I   (IntCan.c.o)
_CASE_CHECKED                          I   (IsoIf.c.o)
_CASE_CHECKED_BYTE                     I   (AppRelay.c.o)
_CASE_CHECKED_BYTE                     I   (IntCan.c.o)
_CASE_DIRECT_BYTE                      I   (IntCan.c.o)
_CASE_SEARCH_8                         I   (IntCan.c.o)
_CONV_NEAR_TO_GLOBAL                   I   (CanIf.c.o)
_CONV_NEAR_TO_GLOBAL                   I   (CurDet.c.o)
_COPY                                  I   (AppRelay.c.o)
_COPY                                  I   (BalM-E.c.o)
_COPY                                  I   (CellvDet.c.o)
_COPY                                  I   (CurDet.c.o)
_COPY                                  I   (EE.c.o)
_COPY                                  I   (IntCan.c.o)
_COPY                                  I   (IsoDet.c.o)
_COPY                                  I   (SensorDi.c.o)
_COPY                                  I   (SumvDet.c.o)
_COPY                                  I   (TemperDet.c.o)
_DDRCD                                 I   (Clock_Lcfg.c.o)
_DDRH                                  I   (Nvm_Lcfg.c.o)
_DDRJ                                  I   (Nvm_Lcfg.c.o)
_DDRK                                  I   (Nvm_Lcfg.c.o)
_ECT_TC5                               I   (IocIf.c.o)
_ECT_TC5                               I   (Ioc_Lcfg.c.o)
_ECT_TCNT                              I   (Ioc_Lcfg.c.o)
_ECT_TCTL3                             I   (IocIf.c.o)
_ECT_TCTL3                             I   (Ioc_Lcfg.c.o)
_FAR_COPY_GLOBAL_NEAR_RC               I   (DataStore.c.o)
_FCALL                                 I   (ExternFlashIf.c.o)
_ISHL                                  I   (CellvDet.c.o)
_ISHL                                  I   (CellvIf.c.o)
_ISHRU                                 I   (CanIf.c.o)
_ISHRU                                 I   (CellvIf.c.o)
_ISHRU                                 I   (EE.c.o)
_LADD                                  I   (SOH-A.c.o)
_LADD                                  I   (SumvDet.c.o)
_LCMP                                  I   (BalM-E.c.o)
_LCMP                                  I   (IocIf.c.o)
_LCMP                                  I   (SOC-A.c.o)
_LCMP                                  I   (SOH-A.c.o)
_LCMP                                  I   (SumvIf.c.o)
_LCOM                                  I   (BalM-E.c.o)
_LDEC                                  I   (AppRelay.c.o)
_LDEC                                  I   (CurrentIf.c.o)
_LDIVU                                 I   (AppRelay.c.o)
_LDIVU                                 I   (BalM-E.c.o)
_LDIVU                                 I   (CellvDet.c.o)
_LDIVU                                 I   (CurDet.c.o)
_LDIVU                                 I   (DataStore.c.o)
_LDIVU                                 I   (ExctCmd.c.o)
_LDIVU                                 I   (IntCan.c.o)
_LDIVU                                 I   (IocIf.c.o)
_LDIVU                                 I   (IsoDet.c.o)
_LDIVU                                 I   (IsoIf.c.o)
_LDIVU                                 I   (SOC-A.c.o)
_LDIVU                                 I   (SOH-A.c.o)
_LDIVU                                 I   (SumvDet.c.o)
_LDIVU                                 I   (SumvIf.c.o)
_LDIVU                                 I   (TemperDet.c.o)
_LINC                                  I   (CellvIf.c.o)
_LINC                                  I   (DataStore.c.o)
_LINC                                  I   (EE.c.o)
_LINC                                  I   (IocIf.c.o)
_LINC                                  I   (SumvIf.c.o)
_LMODU                                 I   (CurDet.c.o)
_LMODU                                 I   (EE.c.o)
_LMODU                                 I   (IocIf.c.o)
_LMUL                                  I   (BalM-E.c.o)
_LMUL                                  I   (SOC-A.c.o)
_LMULU16x32                            I   (BalM-E.c.o)
_LMULU16x32                            I   (CellvIf.c.o)
_LMULU16x32                            I   (CurDet.c.o)
_LMULU16x32                            I   (DataStore.c.o)
_LMULU16x32                            I   (ExctCmd.c.o)
_LMULU16x32                            I   (IntCan.c.o)
_LMULU16x32                            I   (IocIf.c.o)
_LMULU16x32                            I   (IsoDet.c.o)
_LMULU16x32                            I   (SOC-A.c.o)
_LMULU16x32                            I   (SOH-A.c.o)
_LMULU16x32                            I   (SumvIf.c.o)
_LSHL                                  I   (BalM-E.c.o)
_LSHL                                  I   (ExternFlashIf.c.o)
_LSHRU                                 I   (BalM-E.c.o)
_LSHRU                                 I   (CellvIf.c.o)
_LSHRU                                 I   (DataStore.c.o)
_LSHRU                                 I   (IsoDet.c.o)
_LSHRU                                 I   (SumvDet.c.o)
_LSHRU                                 I   (SumvIf.c.o)
_LSUB                                  I   (SOH-A.c.o)
_PORTAB                                I   (IntCan.c.o)
_PORTCD                                I   (Clock_Lcfg.c.o)
_PORTK                                 I   (Nvm_Lcfg.c.o)
_PORTK                                 I   (Sumv_Lcfg.c.o)
_PT01AD1                               I   (CellvIf.c.o)
_PTH                                   I   (Nvm_Lcfg.c.o)
_PTJ                                   I   (Nvm_Lcfg.c.o)
_PTJ                                   I   (Sumv_Lcfg.c.o)
_PTM                                   I   (Nvm_Lcfg.c.o)
_PTS                                   I   (Current_Lcfg.c.o)
_PTS                                   I   (Nvm_Lcfg.c.o)
_PTT                                   I   (Di_Lcfg.c.o)
app_request_boot                       O   (IntCan.c.o)
clb_flg                                O   (CurDet.c.o)
cnst_cmd_cur                           O   (CurrentIf.c.o)
ctrl_relay_cmd                         O   (ExctCmd.c.o)
cur_ad                                 O   (CurDet.c.o)
cur_real_value                         O   (CurDet.c.o)
gain_offsef                            O   (CurDet.c.o)
gby_AssertErrorCnt                     I   (SumvIf.c.o)
gby_BalCheckStep                       O   (CellvDet.c.o)
gby_BalCircuitCheckCnt                 O   (CellvDet.c.o)
gby_BalFaultCnt                        O   (CellvDet.c.o)
gby_BcuShutDownEn                      O   (LvM.c.o)
gby_BlockSaveAh                        O   (EE.c.o)
gby_CalcLineLossCnt                    O   (CellvDet.c.o)
gby_ChannelBak                         O   (CellvDet.c.o)
gby_Cnt                                O   (CellvDet.c.o)
gby_DeviceNum                          I   (BalM-E.c.o)
gby_DeviceNum                          O   (CellvDet.c.o)
gby_DeviceNum                          I   (CellvIf.c.o)
gby_Ds18b20Msd                         O   (TemperDet.c.o)
gby_ExternEE_Status                    O   (EE.c.o)
gby_FlagCLbrSlect                      O   (CurDet.c.o)
gby_Flag_BalDeltaVolt                  O   (CellvDet.c.o)
gby_Flag_BalStop                       O   (CellvDet.c.o)
gby_IocTriggerType                     O   (IocIf.c.o)
gby_KeyResetFlag                       O   (LvM.c.o)
gby_NtcTemperBak                       O   (TemperDet.c.o)
gby_ReadData                           O   (EE.c.o)
gby_Record                             O   (DataStore.c.o)
gby_RsvData                            O   (DataStore.c.o)
gby_RtcTime                            O   (ClockIf.c.o)
gby_SystemShutDownEn                   O   (LvM.c.o)
gby_TemperDetTmCnt                     O   (TemperDet.c.o)
gby_VcuShutDownEn                      O   (LvM.c.o)
gby_Volt_Cnt                           O   (CellvDet.c.o)
gby_Volt_PackErrFlag                   O   (CellvDet.c.o)
gby_Volt_ReadCnt                       O   (CellvDet.c.o)
gby_curdeterrcnt                       O   (CurDet.c.o)
gby_data                               O   (ExctCmd.c.o)
gby_data_bak                           O   (ExctCmd.c.o)
gby_flag_calc_line_loss                O   (CellvDet.c.o)
gby_flag_iso_mode                      O   (IsoIf.c.o)
gby_flag_mos_neg                       O   (IsoIf.c.o)
gby_flag_mos_pos                       O   (IsoIf.c.o)
gby_flg_iso_cnt                        O   (IsoIf.c.o)
gby_i                                  O   (ExctCmd.c.o)
gby_ioc_err                            O   (IocIf.c.o)
gby_ioc_max_err                        O   (IocIf.c.o)
gby_iocflag                            O   (IocIf.c.o)
gby_ioctimecnt                         O   (IocIf.c.o)
gby_length                             O   (ExctCmd.c.o)
gby_mode_convert_cnt                   O   (IsoIf.c.o)
gby_power_flg                          O   (IsoDet.c.o)
gby_ptr_by                             O   (ExctCmd.c.o)
gby_readcnt                            O   (IocIf.c.o)
gby_rslt                               O   (ExctCmd.c.o)
gby_test                               O   (CellvIf.c.o)
gby_test1                              O   (BalM-E.c.o)
gby_wtmp                               O   (ExctCmd.c.o)
glwd_ClbrValue                         O   (CurDet.c.o)
glwd_Cnt                               O   (CellvIf.c.o)
glwd_Cnt1                              O   (CellvIf.c.o)
glwd_Cnt2                              O   (CellvIf.c.o)
glwd_Cnt3                              O   (CellvIf.c.o)
glwd_Cnt4                              O   (CellvIf.c.o)
glwd_Cnt5                              O   (CellvIf.c.o)
glwd_Cnt6                              O   (CellvIf.c.o)
glwd_Cnt7                              O   (CellvIf.c.o)
glwd_Cnt8                              O   (CellvIf.c.o)
glwd_CntSaveAh                         O   (EE.c.o)
glwd_IocHighLevelCnt                   O   (IocIf.c.o)
glwd_IocLowLevelCnt                    O   (IocIf.c.o)
glwd_Volt_Acc                          O   (CellvDet.c.o)
glwd_highcnt                           O   (IocIf.c.o)
glwd_iso_rslt_neg                      O   (IsoIf.c.o)
glwd_iso_rslt_pos                      O   (IsoIf.c.o)
glwd_sumv_acc                          O   (IsoIf.c.o)
gwd_AddrBuf                            O   (EE.c.o)
gwd_AddrBufCnt                         O   (EE.c.o)
gwd_BalFaultPos                        O   (CellvDet.c.o)
gwd_BalOff_VoltBak                     O   (CellvDet.c.o)
gwd_BalOff_VoltBak_Left                O   (CellvDet.c.o)
gwd_BalOff_VoltBak_Right               O   (CellvDet.c.o)
gwd_BalOn_DeltaVolt                    O   (CellvDet.c.o)
gwd_BalOn_DeltaVolt_Left               O   (CellvDet.c.o)
gwd_BalOn_DeltaVolt_Right              O   (CellvDet.c.o)
gwd_CrcTable                           O   (EE_CRC16.c.o)
gwd_CurDetRslt                         O   (CurDet.c.o)
gwd_IocHighToLowValue                  O   (IocIf.c.o)
gwd_IocLowToHighValue                  O   (IocIf.c.o)
gwd_MaxDataAddr                        O   (EE.c.o)
gwd_MaxErrPage                         O   (DataStore.c.o)
gwd_MaxHisPage                         O   (DataStore.c.o)
gwd_MaxRecordNumPerPage                O   (DataStore.c.o)
gwd_MinErrPage                         O   (DataStore.c.o)
gwd_MinHisPage                         O   (DataStore.c.o)
gwd_RecognizeData                      O   (EE.c.o)
gwd_RecordNum                          O   (DataStore.c.o)
gwd_SumvAdValue                        O   (SumvDet.c.o)
gwd_Sumv_Backup_Iso1                   I   (IsoDet.c.o)
gwd_Sumv_Backup_Iso1                   O   (SumvDet.c.o)
gwd_Sumv_Backup_Iso2                   I   (IsoDet.c.o)
gwd_Sumv_Backup_Iso2                   O   (SumvDet.c.o)
gwd_Sumv_Backup_cal                    I   (IntCan.c.o)
gwd_Sumv_Backup_cal                    O   (SumvDet.c.o)
gwd_Sumv_Backup_cal2                   O   (SumvDet.c.o)
gwd_Sumv_Backup_cal2_L                 O   (SumvDet.c.o)
gwd_Sumv_Backup_cal_L                  O   (SumvDet.c.o)
gwd_Sumv_PowerVolt                     O   (SumvIf.c.o)
gwd_Sumv_RefVolt_AD                    O   (SumvIf.c.o)
gwd_Volt_Bak                           O   (CellvDet.c.o)
gwd_Volt_Bak_Two                       O   (CellvDet.c.o)
gwd_cur                                O   (CurDet.c.o)
gwd_cur_ad                             O   (CurDet.c.o)
gwd_cur_avg                            O   (CurDet.c.o)
gwd_cur_avg_ad                         O   (CurDet.c.o)
gwd_result                             O   (IntCan.c.o)
gwd_rslt                               O   (IsoIf.c.o)
gwd_sumv_NEG_ON                        O   (IsoIf.c.o)
gwd_sumv_POS_ON                        O   (IsoIf.c.o)
gwd_temper_ad_test                     O   (TemperDet.c.o)
gwd_u_mode_NEG_ON                      O   (IsoIf.c.o)
gwd_u_mode_POS_ON                      O   (IsoIf.c.o)
gwd_value                              O   (IocIf.c.o)
h                                      O   (CellvIf.c.o)
ji                                     O   (CellvDet.c.o)
ji                                     I   (IntCan.c.o)
test_flg                               O   (IsoDet.c.o)
version_code                           O   (ExctCmd.c.o)
wdi_PutVal                             I   (IntCan.c.o)
